// Jest Snapshot v1, https://goo.gl/fbAQLP

exports[`it matches snapshot 1`] = `
ShallowWrapper {
  Symbol(enzyme.__root__): [Circular],
  Symbol(enzyme.__unrendered__): <Component />,
  Symbol(enzyme.__renderer__): Object {
    "batchedUpdates": [Function],
    "getNode": [Function],
    "render": [Function],
    "simulateError": [Function],
    "simulateEvent": [Function],
    "unmount": [Function],
  },
  Symbol(enzyme.__node__): Object {
    "instance": null,
    "key": undefined,
    "nodeType": "function",
    "props": Object {
      "children": <ForwardRef />,
    },
    "ref": null,
    "rendered": Object {
      "instance": null,
      "key": undefined,
      "nodeType": "function",
      "props": Object {
        "children": null,
      },
      "ref": null,
      "rendered": null,
      "type": Object {
        "$$typeof": Symbol(react.forward_ref),
        "attrs": Array [],
        "componentStyle": ComponentStyle {
          "componentId": "Barbar-sc-3a4mus-0",
          "isStatic": true,
          "rules": Array [
            "display:grid;grid-gap:0.25rem;font-weight:500;font-size:1.125rem;background:maroon;color:lime;border:1px solid orange;",
          ],
        },
        "displayName": "Barbar",
        "render": [Function],
        "styledComponentId": "Barbar-sc-3a4mus-0",
        "target": "div",
        "toString": [Function],
        "warnTooManyClasses": [Function],
        "withComponent": [Function],
      },
    },
    "type": Object {
      "$$typeof": Symbol(react.forward_ref),
      "attrs": Array [],
      "componentStyle": ComponentStyle {
        "componentId": "Foobar-jdw10h-0",
        "isStatic": true,
        "rules": Array [
          "display:grid;grid-gap:0.25rem;font-weight:500;font-size:1.125rem;background:lime;color:lime;border:1px solid black;padding:1rem;",
        ],
      },
      "displayName": "Foobar",
      "render": [Function],
      "styledComponentId": "Foobar-jdw10h-0",
      "target": "div",
      "toString": [Function],
      "warnTooManyClasses": [Function],
      "withComponent": [Function],
    },
  },
  Symbol(enzyme.__nodes__): Array [
    Object {
      "instance": null,
      "key": undefined,
      "nodeType": "function",
      "props": Object {
        "children": <ForwardRef />,
      },
      "ref": null,
      "rendered": Object {
        "instance": null,
        "key": undefined,
        "nodeType": "function",
        "props": Object {
          "children": null,
        },
        "ref": null,
        "rendered": null,
        "type": Object {
          "$$typeof": Symbol(react.forward_ref),
          "attrs": Array [],
          "componentStyle": ComponentStyle {
            "componentId": "Barbar-sc-3a4mus-0",
            "isStatic": true,
            "rules": Array [
              "display:grid;grid-gap:0.25rem;font-weight:500;font-size:1.125rem;background:maroon;color:lime;border:1px solid orange;",
            ],
          },
          "displayName": "Barbar",
          "render": [Function],
          "styledComponentId": "Barbar-sc-3a4mus-0",
          "target": "div",
          "toString": [Function],
          "warnTooManyClasses": [Function],
          "withComponent": [Function],
        },
      },
      "type": Object {
        "$$typeof": Symbol(react.forward_ref),
        "attrs": Array [],
        "componentStyle": ComponentStyle {
          "componentId": "Foobar-jdw10h-0",
          "isStatic": true,
          "rules": Array [
            "display:grid;grid-gap:0.25rem;font-weight:500;font-size:1.125rem;background:lime;color:lime;border:1px solid black;padding:1rem;",
          ],
        },
        "displayName": "Foobar",
        "render": [Function],
        "styledComponentId": "Foobar-jdw10h-0",
        "target": "div",
        "toString": [Function],
        "warnTooManyClasses": [Function],
        "withComponent": [Function],
      },
    },
  ],
  Symbol(enzyme.__options__): Object {
    "adapter": ReactSixteenAdapter {
      "options": Object {
        "enableComponentDidUpdateOnSetState": true,
        "lifecycles": Object {
          "componentDidUpdate": Object {
            "onSetState": true,
          },
          "getDerivedStateFromProps": true,
          "getSnapshotBeforeUpdate": true,
          "setState": Object {
            "skipsComponentDidUpdateOnNullish": true,
          },
        },
      },
    },
  },
}
`;
